

================================================================
== Vitis HLS Report for 'compute_rmsnorm_Pipeline_load_weights'
================================================================
* Date:           Mon Sep 15 01:27:50 2025

* Version:        2025.1 (Build 6135595 on May 21 2025)
* Project:        llama_hls
* Solution:       solution1 (Vivado IP Flow Target)
* Product family: versalhbm
* Target device:  xcv80-lsva4737-2MHP-e-S


================================================================
== Performance Estimates
================================================================
+ Timing: 
    * Summary: 
    +--------+---------+----------+------------+
    |  Clock |  Target | Estimated| Uncertainty|
    +--------+---------+----------+------------+
    |ap_clk  |  4.00 ns|  1.503 ns|     1.08 ns|
    +--------+---------+----------+------------+

+ Latency: 
    * Summary: 
    +---------+---------+----------+----------+-----+-----+------------------------------------------------+
    |  Latency (cycles) |  Latency (absolute) |  Interval |                    Pipeline                    |
    |   min   |   max   |    min   |    max   | min | max |                      Type                      |
    +---------+---------+----------+----------+-----+-----+------------------------------------------------+
    |      770|      770|  3.080 us|  3.080 us|  769|  769|  loop auto-rewind stp (delay=0 clock cycles(s))|
    +---------+---------+----------+----------+-----+-----+------------------------------------------------+

    + Detail: 
        * Instance: 
        N/A

        * Loop: 
        +----------------+---------+---------+----------+-----------+-----------+------+----------+
        |                |  Latency (cycles) | Iteration|  Initiation Interval  | Trip |          |
        |    Loop Name   |   min   |   max   |  Latency |  achieved |   target  | Count| Pipelined|
        +----------------+---------+---------+----------+-----------+-----------+------+----------+
        |- load_weights  |      768|      768|         2|          1|          1|   768|       yes|
        +----------------+---------+---------+----------+-----------+-----------+------+----------+

============================================================
+ Verbose Summary: Synthesis Manager
============================================================
InlineROM: 1
ExposeGlobal: 0
============================================================
+ Verbose Summary: CDFG Model
============================================================
IsTopModel: 0
ResetActiveHigh: 1
IsCombinational: 0
IsDatapathOnly: 0
HasWiredReturn: 1
HasMFsm: 2
HasVarLatency: 1
IsPipeline: 0
IsRtlPipelined: 0
IsInstanceOverlapped: 0
IsDontTouch: 0
HasImplIP: 0
IsGatedGlobalClock: 0

+ Individual pipeline summary: 
  * Pipeline-0: initiation interval (II) = 1, depth = 2


============================================================
+ Verbose Summary: Schedule
============================================================
* Number of FSM states : 2
* Pipeline : 1
  Pipeline-0 : II = 1, D = 2, States = { 1 2 }
* Dataflow Pipeline: 0

* FSM state transitions: 
1 --> 2 
2 --> 

* FSM state operations: 

State 1 <SV = 0> <Delay = 1.50>
ST_1 : Operation 5 [1/1] (0.00ns)   --->   "%i_11 = alloca i32 1" [kernel_rmsnorm.cpp:37]   --->   Operation 5 'alloca' 'i_11' <Predicate = true> <Delay = 0.00>
ST_1 : Operation 6 [1/1] (0.00ns)   --->   "%specinterface_ln0 = specinterface void @_ssdm_op_SpecInterface, i32 %input2_stream, void @empty_39, i32 0, i32 0, void @empty_48, i32 0, i32 0, void @empty_48, void @empty_48, void @empty_48, i32 0, i32 0, i32 0, i32 0, void @empty_48, void @empty_48, i32 4294967295, i32 0, i32 0"   --->   Operation 6 'specinterface' 'specinterface_ln0' <Predicate = true> <Delay = 0.00>
ST_1 : Operation 7 [1/1] (0.39ns)   --->   "%store_ln37 = store i10 0, i10 %i_11" [kernel_rmsnorm.cpp:37]   --->   Operation 7 'store' 'store_ln37' <Predicate = true> <Delay = 0.39>
ST_1 : Operation 8 [1/1] (0.00ns)   --->   "%br_ln37 = br void %for.inc9.i" [kernel_rmsnorm.cpp:37]   --->   Operation 8 'br' 'br_ln37' <Predicate = true> <Delay = 0.00>
ST_1 : Operation 9 [1/1] (0.00ns)   --->   "%i = load i10 %i_11" [kernel_rmsnorm.cpp:37]   --->   Operation 9 'load' 'i' <Predicate = true> <Delay = 0.00>
ST_1 : Operation 10 [1/1] (0.71ns)   --->   "%add_ln37 = add i10 %i, i10 1" [kernel_rmsnorm.cpp:37]   --->   Operation 10 'add' 'add_ln37' <Predicate = true> <Delay = 0.71> <CoreInst = "Adder">   --->   Core 1 'Adder' <Latency = 0> <II = 1> <Delay = 0.71> <FuncUnit> <Opcode : 'add' 'sub'> <InPorts = 2> <OutPorts = 1>
ST_1 : Operation 11 [1/1] (0.60ns)   --->   "%icmp_ln37 = icmp_eq  i10 %i, i10 768" [kernel_rmsnorm.cpp:37]   --->   Operation 11 'icmp' 'icmp_ln37' <Predicate = true> <Delay = 0.60> <CoreInst = "ICmp_EQ">   --->   Core 156 'ICmp_EQ' <Latency = 0> <II = 1> <Delay = 0.60> <FuncUnit> <Opcode : 'seteq' 'setne'> <InPorts = 2> <OutPorts = 1>
ST_1 : Operation 12 [1/1] (0.00ns)   --->   "%br_ln37 = br i1 %icmp_ln37, void %for.inc9.split.i, void %for.inc21.i.preheader.exitStub" [kernel_rmsnorm.cpp:37]   --->   Operation 12 'br' 'br_ln37' <Predicate = true> <Delay = 0.00>
ST_1 : Operation 13 [1/1] (0.00ns)   --->   "%trunc_ln37 = trunc i10 %i" [kernel_rmsnorm.cpp:37]   --->   Operation 13 'trunc' 'trunc_ln37' <Predicate = (!icmp_ln37)> <Delay = 0.00>
ST_1 : Operation 14 [1/1] (0.00ns)   --->   "%lshr_ln = partselect i8 @_ssdm_op_PartSelect.i8.i10.i32.i32, i10 %i, i32 2, i32 9" [kernel_rmsnorm.cpp:37]   --->   Operation 14 'partselect' 'lshr_ln' <Predicate = (!icmp_ln37)> <Delay = 0.00>
ST_1 : Operation 15 [1/1] (0.30ns)   --->   "%switch_ln40 = switch i2 %trunc_ln37, void %arrayidx8.case.3.i, i2 0, void %arrayidx8.case.0.i, i2 1, void %arrayidx8.case.1.i, i2 2, void %arrayidx8.case.2.i" [kernel_rmsnorm.cpp:40]   --->   Operation 15 'switch' 'switch_ln40' <Predicate = (!icmp_ln37)> <Delay = 0.30>
ST_1 : Operation 16 [1/1] (0.39ns)   --->   "%store_ln37 = store i10 %add_ln37, i10 %i_11" [kernel_rmsnorm.cpp:37]   --->   Operation 16 'store' 'store_ln37' <Predicate = (!icmp_ln37)> <Delay = 0.39>
ST_1 : Operation 17 [1/1] (0.00ns)   --->   "%br_ln37 = br void %for.inc9.i" [kernel_rmsnorm.cpp:37]   --->   Operation 17 'br' 'br_ln37' <Predicate = (!icmp_ln37)> <Delay = 0.00>
ST_1 : Operation 45 [1/1] (0.28ns)   --->   "%ret_ln0 = ret"   --->   Operation 45 'ret' 'ret_ln0' <Predicate = (icmp_ln37)> <Delay = 0.28>

State 2 <SV = 1> <Delay = 1.27>
ST_2 : Operation 18 [1/1] (0.00ns)   --->   "%specpipeline_ln38 = specpipeline void @_ssdm_op_SpecPipeline, i32 1, i32 0, i32 0, i32 0, void @empty_48" [kernel_rmsnorm.cpp:38]   --->   Operation 18 'specpipeline' 'specpipeline_ln38' <Predicate = true> <Delay = 0.00>
ST_2 : Operation 19 [1/1] (0.00ns)   --->   "%speclooptripcount_ln39 = speclooptripcount void @_ssdm_op_SpecLoopTripCount, i64 768, i64 768, i64 768" [kernel_rmsnorm.cpp:39]   --->   Operation 19 'speclooptripcount' 'speclooptripcount_ln39' <Predicate = true> <Delay = 0.00>
ST_2 : Operation 20 [1/1] (0.00ns)   --->   "%specloopname_ln37 = specloopname void @_ssdm_op_SpecLoopName, void @empty_62" [kernel_rmsnorm.cpp:37]   --->   Operation 20 'specloopname' 'specloopname_ln37' <Predicate = true> <Delay = 0.00>
ST_2 : Operation 21 [1/1] (0.00ns)   --->   "%zext_ln37 = zext i8 %lshr_ln" [kernel_rmsnorm.cpp:37]   --->   Operation 21 'zext' 'zext_ln37' <Predicate = true> <Delay = 0.00>
ST_2 : Operation 22 [1/1] (0.00ns)   --->   "%muxLogicFIFOCE_to_input2_stream_read = muxlogic"   --->   Operation 22 'muxlogic' 'muxLogicFIFOCE_to_input2_stream_read' <Predicate = true> <Delay = 0.00>
ST_2 : Operation 23 [1/1] ( I:0.86ns O:0.55ns )   --->   "%input2_stream_read = read i32 @_ssdm_op_Read.ap_fifo.volatile.i32P0A, i32 %input2_stream" [kernel_rmsnorm.cpp:40]   --->   Operation 23 'read' 'input2_stream_read' <Predicate = true> <Delay = 0.86> <CoreInst = "FIFO_SRL">   --->   Core 84 'FIFO_SRL' <Latency = 0> <II = 1> <Delay = 0.86> <Storage> <Opcode : 'read' 'write' 'nbread' 'nbwrite'> <Ports = 0> <Width = 32> <Depth = 32> <FIFO>
ST_2 : Operation 24 [1/1] (0.00ns)   --->   "%bitcast_ln40 = bitcast i32 %input2_stream_read" [kernel_rmsnorm.cpp:40]   --->   Operation 24 'bitcast' 'bitcast_ln40' <Predicate = true> <Delay = 0.00>
ST_2 : Operation 25 [1/1] (0.00ns)   --->   "%compute_rmsnorm_stream_stream_float_0_stream_float_0_int_vec_local_2_3_addr = getelementptr i32 %compute_rmsnorm_stream_stream_float_0_stream_float_0_int_vec_local_2_3, i64 0, i64 %zext_ln37" [kernel_rmsnorm.cpp:40]   --->   Operation 25 'getelementptr' 'compute_rmsnorm_stream_stream_float_0_stream_float_0_int_vec_local_2_3_addr' <Predicate = true> <Delay = 0.00>
ST_2 : Operation 26 [1/1] (0.00ns)   --->   "%compute_rmsnorm_stream_stream_float_0_stream_float_0_int_vec_local_2_2_addr = getelementptr i32 %compute_rmsnorm_stream_stream_float_0_stream_float_0_int_vec_local_2_2, i64 0, i64 %zext_ln37" [kernel_rmsnorm.cpp:40]   --->   Operation 26 'getelementptr' 'compute_rmsnorm_stream_stream_float_0_stream_float_0_int_vec_local_2_2_addr' <Predicate = true> <Delay = 0.00>
ST_2 : Operation 27 [1/1] (0.00ns)   --->   "%compute_rmsnorm_stream_stream_float_0_stream_float_0_int_vec_local_2_1_addr = getelementptr i32 %compute_rmsnorm_stream_stream_float_0_stream_float_0_int_vec_local_2_1, i64 0, i64 %zext_ln37" [kernel_rmsnorm.cpp:40]   --->   Operation 27 'getelementptr' 'compute_rmsnorm_stream_stream_float_0_stream_float_0_int_vec_local_2_1_addr' <Predicate = true> <Delay = 0.00>
ST_2 : Operation 28 [1/1] (0.00ns)   --->   "%compute_rmsnorm_stream_stream_float_0_stream_float_0_int_vec_local_2_addr = getelementptr i32 %compute_rmsnorm_stream_stream_float_0_stream_float_0_int_vec_local_2, i64 0, i64 %zext_ln37" [kernel_rmsnorm.cpp:40]   --->   Operation 28 'getelementptr' 'compute_rmsnorm_stream_stream_float_0_stream_float_0_int_vec_local_2_addr' <Predicate = true> <Delay = 0.00>
ST_2 : Operation 29 [1/1] (0.00ns)   --->   "%muxLogicRAMData_to_store_ln40 = muxlogic i32 %bitcast_ln40"   --->   Operation 29 'muxlogic' 'muxLogicRAMData_to_store_ln40' <Predicate = (trunc_ln37 == 2)> <Delay = 0.00>
ST_2 : Operation 30 [1/1] (0.00ns)   --->   "%muxLogicRAMAddr_to_store_ln40 = muxlogic i8 %compute_rmsnorm_stream_stream_float_0_stream_float_0_int_vec_local_2_1_addr"   --->   Operation 30 'muxlogic' 'muxLogicRAMAddr_to_store_ln40' <Predicate = (trunc_ln37 == 2)> <Delay = 0.00>
ST_2 : Operation 31 [1/1] ( I:0.71ns O:0.71ns ) (share mux size 2)   --->   "%store_ln40 = store i32 %bitcast_ln40, i8 %compute_rmsnorm_stream_stream_float_0_stream_float_0_int_vec_local_2_1_addr" [kernel_rmsnorm.cpp:40]   --->   Operation 31 'store' 'store_ln40' <Predicate = (trunc_ln37 == 2)> <Delay = 0.71> <CoreInst = "RAM">   --->   Core 86 'RAM' <Latency = 1> <II = 1> <Delay = 0.89> <Storage> <Opcode : 'load' 'store'> <Ports = 2> <Width = 32> <Depth = 192> <RAM>
ST_2 : Operation 32 [1/1] (0.00ns)   --->   "%br_ln40 = br void %arrayidx8.exit.i" [kernel_rmsnorm.cpp:40]   --->   Operation 32 'br' 'br_ln40' <Predicate = (trunc_ln37 == 2)> <Delay = 0.00>
ST_2 : Operation 33 [1/1] (0.00ns)   --->   "%muxLogicRAMData_to_store_ln40 = muxlogic i32 %bitcast_ln40"   --->   Operation 33 'muxlogic' 'muxLogicRAMData_to_store_ln40' <Predicate = (trunc_ln37 == 1)> <Delay = 0.00>
ST_2 : Operation 34 [1/1] (0.00ns)   --->   "%muxLogicRAMAddr_to_store_ln40 = muxlogic i8 %compute_rmsnorm_stream_stream_float_0_stream_float_0_int_vec_local_2_2_addr"   --->   Operation 34 'muxlogic' 'muxLogicRAMAddr_to_store_ln40' <Predicate = (trunc_ln37 == 1)> <Delay = 0.00>
ST_2 : Operation 35 [1/1] ( I:0.71ns O:0.71ns ) (share mux size 2)   --->   "%store_ln40 = store i32 %bitcast_ln40, i8 %compute_rmsnorm_stream_stream_float_0_stream_float_0_int_vec_local_2_2_addr" [kernel_rmsnorm.cpp:40]   --->   Operation 35 'store' 'store_ln40' <Predicate = (trunc_ln37 == 1)> <Delay = 0.71> <CoreInst = "RAM">   --->   Core 86 'RAM' <Latency = 1> <II = 1> <Delay = 0.89> <Storage> <Opcode : 'load' 'store'> <Ports = 2> <Width = 32> <Depth = 192> <RAM>
ST_2 : Operation 36 [1/1] (0.00ns)   --->   "%br_ln40 = br void %arrayidx8.exit.i" [kernel_rmsnorm.cpp:40]   --->   Operation 36 'br' 'br_ln40' <Predicate = (trunc_ln37 == 1)> <Delay = 0.00>
ST_2 : Operation 37 [1/1] (0.00ns)   --->   "%muxLogicRAMData_to_store_ln40 = muxlogic i32 %bitcast_ln40"   --->   Operation 37 'muxlogic' 'muxLogicRAMData_to_store_ln40' <Predicate = (trunc_ln37 == 0)> <Delay = 0.00>
ST_2 : Operation 38 [1/1] (0.00ns)   --->   "%muxLogicRAMAddr_to_store_ln40 = muxlogic i8 %compute_rmsnorm_stream_stream_float_0_stream_float_0_int_vec_local_2_3_addr"   --->   Operation 38 'muxlogic' 'muxLogicRAMAddr_to_store_ln40' <Predicate = (trunc_ln37 == 0)> <Delay = 0.00>
ST_2 : Operation 39 [1/1] ( I:0.71ns O:0.71ns ) (share mux size 2)   --->   "%store_ln40 = store i32 %bitcast_ln40, i8 %compute_rmsnorm_stream_stream_float_0_stream_float_0_int_vec_local_2_3_addr" [kernel_rmsnorm.cpp:40]   --->   Operation 39 'store' 'store_ln40' <Predicate = (trunc_ln37 == 0)> <Delay = 0.71> <CoreInst = "RAM">   --->   Core 86 'RAM' <Latency = 1> <II = 1> <Delay = 0.89> <Storage> <Opcode : 'load' 'store'> <Ports = 2> <Width = 32> <Depth = 192> <RAM>
ST_2 : Operation 40 [1/1] (0.00ns)   --->   "%br_ln40 = br void %arrayidx8.exit.i" [kernel_rmsnorm.cpp:40]   --->   Operation 40 'br' 'br_ln40' <Predicate = (trunc_ln37 == 0)> <Delay = 0.00>
ST_2 : Operation 41 [1/1] (0.00ns)   --->   "%muxLogicRAMData_to_store_ln40 = muxlogic i32 %bitcast_ln40"   --->   Operation 41 'muxlogic' 'muxLogicRAMData_to_store_ln40' <Predicate = (trunc_ln37 == 3)> <Delay = 0.00>
ST_2 : Operation 42 [1/1] (0.00ns)   --->   "%muxLogicRAMAddr_to_store_ln40 = muxlogic i8 %compute_rmsnorm_stream_stream_float_0_stream_float_0_int_vec_local_2_addr"   --->   Operation 42 'muxlogic' 'muxLogicRAMAddr_to_store_ln40' <Predicate = (trunc_ln37 == 3)> <Delay = 0.00>
ST_2 : Operation 43 [1/1] ( I:0.71ns O:0.71ns ) (share mux size 2)   --->   "%store_ln40 = store i32 %bitcast_ln40, i8 %compute_rmsnorm_stream_stream_float_0_stream_float_0_int_vec_local_2_addr" [kernel_rmsnorm.cpp:40]   --->   Operation 43 'store' 'store_ln40' <Predicate = (trunc_ln37 == 3)> <Delay = 0.71> <CoreInst = "RAM">   --->   Core 86 'RAM' <Latency = 1> <II = 1> <Delay = 0.89> <Storage> <Opcode : 'load' 'store'> <Ports = 2> <Width = 32> <Depth = 192> <RAM>
ST_2 : Operation 44 [1/1] (0.00ns)   --->   "%br_ln40 = br void %arrayidx8.exit.i" [kernel_rmsnorm.cpp:40]   --->   Operation 44 'br' 'br_ln40' <Predicate = (trunc_ln37 == 3)> <Delay = 0.00>


============================================================
+ Verbose Summary: Timing violations
============================================================
Target clock period: 4.000ns, clock uncertainty: 1.080ns.

 <State 1>: 1.503ns
The critical path consists of the following:
	'store' operation 0 bit ('store_ln37', kernel_rmsnorm.cpp:37) of constant 0 on local variable 'i', kernel_rmsnorm.cpp:37 [8]  (0.393 ns)
	'load' operation 10 bit ('i', kernel_rmsnorm.cpp:37) on local variable 'i', kernel_rmsnorm.cpp:37 [11]  (0.000 ns)
	'add' operation 10 bit ('add_ln37', kernel_rmsnorm.cpp:37) [12]  (0.717 ns)
	'store' operation 0 bit ('store_ln37', kernel_rmsnorm.cpp:37) of variable 'add_ln37', kernel_rmsnorm.cpp:37 on local variable 'i', kernel_rmsnorm.cpp:37 [51]  (0.393 ns)

 <State 2>: 1.273ns
The critical path consists of the following:
	'muxlogic' operation 32 bit ('muxLogicFIFOCE_to_input2_stream_read') [22]  (0.000 ns)
	fifo read operation ('input2_stream_read', kernel_rmsnorm.cpp:40) on port 'input2_stream' (kernel_rmsnorm.cpp:40) [23]  (0.860 ns)
	'muxlogic' operation 0 bit ('muxLogicRAMData_to_store_ln40') [31]  (0.000 ns)
	'store' operation 0 bit ('store_ln40', kernel_rmsnorm.cpp:40) of variable 'bitcast_ln40', kernel_rmsnorm.cpp:40 on array 'compute_rmsnorm_stream_stream_float_0_stream_float_0_int_vec_local_2_1' [33]  (0.715 ns)


============================================================
+ Verbose Summary: Binding
============================================================
N/A
* FSMD analyzer results:
  - Output states:
 - Input state : 
  - Chain level:
	State 1
	State 2


============================================================
+ Verbose Summary: Datapath Resource usage 
============================================================
N/A
